// Jest Snapshot v1, https://goo.gl/fbAQLP

exports[`Given a MovieCard component When it is passed a movie object Then it should render a card matching the snapshot 1`] = `
<a
  href="/undefined"
  onClick={[Function]}
>
  <li
    className="movie"
  >
    <section
      className="movie__image"
    >
      <img
        alt="Spirited Away movie poster"
        className="movie__poster"
        height="300"
      />
    </section>
    <section
      className="movie__info"
    >
      <h3
        className="movie__title"
      >
        Spirited Away
      </h3>
      <div
        className="movie__data"
      >
        <p
          className="movie__year"
        >
          1986
        </p>
        <p
          className="movie__runtime"
        >
          124
          min
        </p>
        <p
          className="movie__score"
        >
          95
          %
        </p>
      </div>
    </section>
  </li>
</a>
`;
